Testing the test 
wahooooo!!
Testing the test 
wahooooo!!
Testing the test 
wahooooo!!
Testing the test 
wahooooo!!
Testing the test 
wahooooo!!
Testing the test 
wahooooo!!
